exports[`AboutView Validaci√≥n de match con el snapshot 1`] = `<h1>About View</h1>`;